[    0.000000] Initializing cgroup subsys cpuset
[    0.000000] Initializing cgroup subsys cpu
[    0.000000] Initializing cgroup subsys cpuacct
[    0.000000] Linux version 4.4.0-210-generic (buildd@lgw01-amd64-009) (gcc version 5.4.0 20160609 (Ubuntu 5.4.0-6ubuntu1~16.04.12) ) #242-Ubuntu SMP Fri Apr 16 09:57:56 UTC 2021 (Ubuntu 4.4.0-210.242-generic 4.4.262)
[    0.000000] Command line: BOOT_IMAGE=/boot/vmlinuz-4.4.0-210-generic root=LABEL=cloudimg-rootfs ro console=tty1 console=ttyS0
[    0.000000] KERNEL supported cpus:
[    0.000000]   Intel GenuineIntel
[    0.000000]   AMD AuthenticAMD
[    0.000000]   Centaur CentaurHauls
[    0.000000] x86/fpu: xstate_offset[2]:  576, xstate_sizes[2]:  256
[    0.000000] x86/fpu: Supporting XSAVE feature 0x01: 'x87 floating point registers'
[    0.000000] x86/fpu: Supporting XSAVE feature 0x02: 'SSE registers'
[    0.000000] x86/fpu: Supporting XSAVE feature 0x04: 'AVX registers'
[    0.000000] x86/fpu: Enabled xstate features 0x7, context size is 832 bytes, using 'standard' format.
[    0.000000] e820: BIOS-provided physical RAM map:
[    0.000000] BIOS-e820: [mem 0x0000000000000000-0x000000000009fbff] usable
[    0.000000] BIOS-e820: [mem 0x000000000009fc00-0x000000000009ffff] reserved
[    0.000000] BIOS-e820: [mem 0x00000000000f0000-0x00000000000fffff] reserved
[    0.000000] BIOS-e820: [mem 0x0000000000100000-0x000000001ffeffff] usable
[    0.000000] BIOS-e820: [mem 0x000000001fff0000-0x000000001fffffff] ACPI data
[    0.000000] BIOS-e820: [mem 0x00000000fec00000-0x00000000fec00fff] reserved
[    0.000000] BIOS-e820: [mem 0x00000000fee00000-0x00000000fee00fff] reserved
[    0.000000] BIOS-e820: [mem 0x00000000fffc0000-0x00000000ffffffff] reserved
[    0.000000] NX (Execute Disable) protection: active
[    0.000000] SMBIOS 2.5 present.
[    0.000000] Hypervisor detected: KVM
[    0.000000] e820: last_pfn = 0x1fff0 max_arch_pfn = 0x400000000
[    0.000000] MTRR: Disabled
[    0.000000] x86/PAT: MTRRs disabled, skipping PAT initialization too.
[    0.000000] CPU MTRRs all blank - virtualized system.
[    0.000000] x86/PAT: Configuration [0-7]: WB  WT  UC- UC  WB  WT  UC- UC  
[    0.000000] found SMP MP-table at [mem 0x0009fff0-0x0009ffff] mapped at [ffff88000009fff0]
[    0.000000] Scanning 1 areas for low memory corruption
[    0.000000] RAMDISK: [mem 0x1e8c2000-0x1f74bfff]
[    0.000000] ACPI: Early table checksum verification disabled
[    0.000000] ACPI: RSDP 0x00000000000E0000 000024 (v02 VBOX  )
[    0.000000] ACPI: XSDT 0x000000001FFF0030 00003C (v01 VBOX   VBOXXSDT 00000001 ASL  00000061)
[    0.000000] ACPI: FACP 0x000000001FFF00F0 0000F4 (v04 VBOX   VBOXFACP 00000001 ASL  00000061)
[    0.000000] ACPI: DSDT 0x000000001FFF0470 002325 (v02 VBOX   VBOXBIOS 00000002 INTL 20190509)
[    0.000000] ACPI: FACS 0x000000001FFF0200 000040
[    0.000000] ACPI: FACS 0x000000001FFF0200 000040
[    0.000000] ACPI: APIC 0x000000001FFF0240 00005C (v02 VBOX   VBOXAPIC 00000001 ASL  00000061)
[    0.000000] ACPI: SSDT 0x000000001FFF02A0 0001CC (v01 VBOX   VBOXCPUT 00000002 INTL 20190509)
[    0.000000] No NUMA configuration found
[    0.000000] Faking a node at [mem 0x0000000000000000-0x000000001ffeffff]
[    0.000000] NODE_DATA(0) allocated [mem 0x1ffeb000-0x1ffeffff]
[    0.000000] kvm-clock: Using msrs 4b564d01 and 4b564d00
[    0.000000] kvm-clock: cpu 0, msr 0:1ffe3001, primary cpu clock
[    0.000000] kvm-clock: using sched offset of 2914912829 cycles
[    0.000000] clocksource: kvm-clock: mask: 0xffffffffffffffff max_cycles: 0x1cd42e4dffb, max_idle_ns: 881590591483 ns
[    0.000000] Zone ranges:
[    0.000000]   DMA      [mem 0x0000000000001000-0x0000000000ffffff]
[    0.000000]   DMA32    [mem 0x0000000001000000-0x000000001ffeffff]
[    0.000000]   Normal   empty
[    0.000000]   Device   empty
[    0.000000] Movable zone start for each node
[    0.000000] Early memory node ranges
[    0.000000]   node   0: [mem 0x0000000000001000-0x000000000009efff]
[    0.000000]   node   0: [mem 0x0000000000100000-0x000000001ffeffff]
[    0.000000] Initmem setup node 0 [mem 0x0000000000001000-0x000000001ffeffff]
[    0.000000] ACPI: PM-Timer IO Port: 0x4008
[    0.000000] IOAPIC[0]: apic_id 2, version 32, address 0xfec00000, GSI 0-23
[    0.000000] ACPI: INT_SRC_OVR (bus 0 bus_irq 0 global_irq 2 dfl dfl)
[    0.000000] ACPI: INT_SRC_OVR (bus 0 bus_irq 9 global_irq 9 low level)
[    0.000000] Using ACPI (MADT) for SMP configuration information
[    0.000000] smpboot: Allowing 2 CPUs, 0 hotplug CPUs
[    0.000000] PM: Registered nosave memory: [mem 0x00000000-0x00000fff]
[    0.000000] PM: Registered nosave memory: [mem 0x0009f000-0x0009ffff]
[    0.000000] PM: Registered nosave memory: [mem 0x000a0000-0x000effff]
[    0.000000] PM: Registered nosave memory: [mem 0x000f0000-0x000fffff]
[    0.000000] e820: [mem 0x20000000-0xfebfffff] available for PCI devices
[    0.000000] Booting paravirtualized kernel on KVM
[    0.000000] clocksource: refined-jiffies: mask: 0xffffffff max_cycles: 0xffffffff, max_idle_ns: 7645519600211568 ns
[    0.000000] setup_percpu: NR_CPUS:512 nr_cpumask_bits:512 nr_cpu_ids:2 nr_node_ids:1
[    0.000000] PERCPU: Embedded 33 pages/cpu @ffff88001fc00000 s95192 r8192 d31784 u1048576
[    0.000000] Built 1 zonelists in Node order, mobility grouping on.  Total pages: 128888
[    0.000000] Policy zone: DMA32
[    0.000000] Kernel command line: BOOT_IMAGE=/boot/vmlinuz-4.4.0-210-generic root=LABEL=cloudimg-rootfs ro console=tty1 console=ttyS0
[    0.000000] PID hash table entries: 2048 (order: 2, 16384 bytes)
[    0.000000] Memory: 481712K/523832K available (8644K kernel code, 1332K rwdata, 4044K rodata, 1492K init, 1164K bss, 42120K reserved, 0K cma-reserved)
[    0.000000] SLUB: HWalign=64, Order=0-3, MinObjects=0, CPUs=2, Nodes=1
[    0.000000] Kernel/User page tables isolation: enabled
[    0.000000] Hierarchical RCU implementation.
[    0.000000] 	Build-time adjustment of leaf fanout to 64.
[    0.000000] 	RCU restricting CPUs from NR_CPUS=512 to nr_cpu_ids=2.
[    0.000000] RCU: Adjusting geometry for rcu_fanout_leaf=64, nr_cpu_ids=2
[    0.000000] NR_IRQS:33024 nr_irqs:440 16
[    0.000000] Console: colour VGA+ 80x25
[    0.000000] console [tty1] enabled
[    0.000000] console [ttyS0] enabled
[    0.000000] tsc: Detected 3302.398 MHz processor
[    0.075741] Calibrating delay loop (skipped) preset value.. 6604.79 BogoMIPS (lpj=13209592)
[    0.076763] pid_max: default: 32768 minimum: 301
[    0.077306] ACPI: Core revision 20150930
[    0.078339] ACPI: 2 ACPI AML tables successfully acquired and loaded
[    0.079126] Security Framework initialized
[    0.079623] Yama: becoming mindful.
[    0.080080] AppArmor: AppArmor initialized
[    0.080605] Dentry cache hash table entries: 65536 (order: 7, 524288 bytes)
[    0.081412] Inode-cache hash table entries: 32768 (order: 6, 262144 bytes)
[    0.082189] Mount-cache hash table entries: 1024 (order: 1, 8192 bytes)
[    0.082903] Mountpoint-cache hash table entries: 1024 (order: 1, 8192 bytes)
[    0.083797] Initializing cgroup subsys io
[    0.084294] Initializing cgroup subsys memory
[    0.084817] Initializing cgroup subsys devices
[    0.085351] Initializing cgroup subsys freezer
[    0.085877] Initializing cgroup subsys net_cls
[    0.086401] Initializing cgroup subsys perf_event
[    0.086952] Initializing cgroup subsys net_prio
[    0.087510] Initializing cgroup subsys hugetlb
[    0.088037] Initializing cgroup subsys pids
[    0.092895] mce: CPU supports 0 MCE banks
[    0.093418] Last level iTLB entries: 4KB 0, 2MB 0, 4MB 0
[    0.094014] Last level dTLB entries: 4KB 0, 2MB 0, 4MB 0, 1GB 0
[    0.094667] Spectre V1 : Mitigation: usercopy/swapgs barriers and __user pointer sanitization
[    0.095719] Spectre V2 : Mitigation: Full generic retpoline
[    0.096379] Spectre V2 : Spectre v2 / SpectreRSB mitigation: Filling RSB on context switch
[    0.097354] Speculative Store Bypass: Vulnerable
[    0.097962] MDS: Mitigation: Clear CPU buffers
[    0.100312] Freeing SMP alternatives memory: 36K
[    0.105078] ftrace: allocating 32380 entries in 127 pages
[    0.151131] smpboot: APIC(0) Converting physical 0 to logical package 0
[    0.152287] smpboot: Max logical packages: 1
[    0.152960] x2apic enabled
[    0.153491] Switched APIC routing to physical x2apic.
[    0.154831] ..TIMER: vector=0x30 apic1=0 pin1=2 apic2=-1 pin2=-1
[    0.263621] smpboot: CPU0: 11th Gen Intel(R) Core(TM) i7-11370H @ 3.30GHz (family: 0x6, model: 0x8c, stepping: 0x1)
[    0.265453] Performance Events: unsupported p6 CPU model 140 no PMU driver, software events only.
[    0.274500] KVM setup paravirtual spinlock
[    0.275593] x86: Booting SMP configuration:
[    0.276132] .... node  #0, CPUs:      #1
[    0.276787] kvm-clock: cpu 1, msr 0:1ffe3041, secondary cpu clock
[    0.281593] mce: CPU supports 0 MCE banks
[    0.283944] x86: Booted up 1 node, 2 CPUs
[    0.284619] smpboot: Total of 2 processors activated (13209.59 BogoMIPS)
[    0.286150] devtmpfs: initialized
[    0.287313] evm: security.selinux
[    0.287743] evm: security.SMACK64
[    0.288188] evm: security.SMACK64EXEC
[    0.288649] evm: security.SMACK64TRANSMUTE
[    0.289143] evm: security.SMACK64MMAP
[    0.289602] evm: security.ima
[    0.290001] evm: security.capability
[    0.290630] clocksource: jiffies: mask: 0xffffffff max_cycles: 0xffffffff, max_idle_ns: 7645041785100000 ns
[    0.291753] futex hash table entries: 512 (order: 3, 32768 bytes)
[    0.292576] pinctrl core: initialized pinctrl subsystem
[    0.293273] RTC time:  7:05:28, date: 04/29/22
[    0.294031] NET: Registered protocol family 16
[    0.303797] cpuidle: using governor ladder
[    0.315981] cpuidle: using governor menu
[    0.316483] PCCT header not found.
[    0.316970] ACPI: bus type PCI registered
[    0.317485] acpiphp: ACPI Hot Plug PCI Controller Driver version: 0.5
[    0.318250] PCI: Using configuration type 1 for base access
[    0.328360] ACPI: Added _OSI(Module Device)
[    0.328935] ACPI: Added _OSI(Processor Device)
[    0.329454] ACPI: Added _OSI(3.0 _SCP Extensions)
[    0.330001] ACPI: Added _OSI(Processor Aggregator Device)
[    0.331104] ACPI: Executed 1 blocks of module-level executable AML code
[    0.333396] ACPI: Interpreter enabled
[    0.333897] ACPI: (supports S0 S5)
[    0.334335] ACPI: Using IOAPIC for interrupt routing
[    0.335011] PCI: Using host bridge windows from ACPI; if necessary, use "pci=nocrs" and report a bug
[    0.338469] ACPI: PCI Root Bridge [PCI0] (domain 0000 [bus 00-ff])
[    0.339198] acpi PNP0A03:00: _OSC: OS supports [ASPM ClockPM Segments MSI]
[    0.340360] acpi PNP0A03:00: _OSC: not requesting OS control; OS requires [ExtendedConfig ASPM ClockPM MSI]
[    0.341680] acpi PNP0A03:00: fail to add MMCONFIG information, can't access extended PCI configuration space under this bridge.
[    0.343441] PCI host bridge to bus 0000:00
[    0.344076] pci_bus 0000:00: root bus resource [io  0x0000-0x0cf7 window]
[    0.344976] pci_bus 0000:00: root bus resource [io  0x0d00-0xffff window]
[    0.345884] pci_bus 0000:00: root bus resource [mem 0x000a0000-0x000bffff window]
[    0.347019] pci_bus 0000:00: root bus resource [mem 0x20000000-0xfdffffff window]
[    0.348150] pci_bus 0000:00: root bus resource [bus 00-ff]
[    0.349873] pci 0000:00:01.1: legacy IDE quirk: reg 0x10: [io  0x01f0-0x01f7]
[    0.350795] pci 0000:00:01.1: legacy IDE quirk: reg 0x14: [io  0x03f6]
[    0.351648] pci 0000:00:01.1: legacy IDE quirk: reg 0x18: [io  0x0170-0x0177]
[    0.352574] pci 0000:00:01.1: legacy IDE quirk: reg 0x1c: [io  0x0376]
[    0.364550] pci 0000:00:07.0: quirk: [io  0x4000-0x403f] claimed by PIIX4 ACPI
[    0.365456] pci 0000:00:07.0: quirk: [io  0x4100-0x410f] claimed by PIIX4 SMB
[    0.369615] ACPI: PCI Interrupt Link [LNKA] (IRQs 5 9 10 *11)
[    0.370665] ACPI: PCI Interrupt Link [LNKB] (IRQs 5 9 *10 11)
[    0.371611] ACPI: PCI Interrupt Link [LNKC] (IRQs 5 *9 10 11)
[    0.372554] ACPI: PCI Interrupt Link [LNKD] (IRQs 5 9 10 *11)
[    0.373486] ACPI: Enabled 2 GPEs in block 00 to 07
[    0.374305] vgaarb: setting as boot device: PCI:0000:00:02.0
[    0.374943] vgaarb: device added: PCI:0000:00:02.0,decodes=io+mem,owns=io+mem,locks=none
[    0.375988] vgaarb: loaded
[    0.376855] vgaarb: bridge control possible 0000:00:02.0
[    0.378331] SCSI subsystem initialized
[    0.379457] ACPI: bus type USB registered
[    0.380103] usbcore: registered new interface driver usbfs
[    0.380731] usbcore: registered new interface driver hub
[    0.381394] usbcore: registered new device driver usb
[    0.382099] PCI: Using ACPI for IRQ routing
[    0.382915] NetLabel: Initializing
[    0.383452] NetLabel:  domain hash size = 128
[    0.384039] NetLabel:  protocols = UNLABELED CIPSOv4
[    0.384663] NetLabel:  unlabeled traffic allowed by default
[    0.385364] amd_nb: Cannot enumerate AMD northbridges
[    0.385974] clocksource: Switched to clocksource kvm-clock
[    0.390727] AppArmor: AppArmor Filesystem Enabled
[    0.391404] pnp: PnP ACPI init
[    0.392318] pnp: PnP ACPI: found 3 devices
[    0.399698] clocksource: acpi_pm: mask: 0xffffff max_cycles: 0xffffff, max_idle_ns: 2085701024 ns
[    0.401301] NET: Registered protocol family 2
[    0.402049] TCP established hash table entries: 4096 (order: 3, 32768 bytes)
[    0.402953] TCP bind hash table entries: 4096 (order: 4, 65536 bytes)
[    0.403720] TCP: Hash tables configured (established 4096 bind 4096)
[    0.404454] UDP hash table entries: 256 (order: 1, 8192 bytes)
[    0.405125] UDP-Lite hash table entries: 256 (order: 1, 8192 bytes)
[    0.405858] NET: Registered protocol family 1
[    0.406442] pci 0000:00:00.0: Limiting direct PCI/PCI transfers
[    0.407120] pci 0000:00:01.0: Activating ISA DMA hang workarounds
[    0.408525] Unpacking initramfs...
[    0.543946] Freeing initrd memory: 14888K
[    0.544666] clocksource: tsc: mask: 0xffffffffffffffff max_cycles: 0x2f9a25be244, max_idle_ns: 440795277658 ns
[    0.545866] platform rtc_cmos: registered platform RTC device (no PNP device found)
[    0.546864] Scanning for low memory corruption every 60 seconds
[    0.547728] audit: initializing netlink subsys (disabled)
[    0.548382] audit: type=2000 audit(1651215932.764:1): initialized
[    0.549246] Initialise system trusted keyring
[    0.549870] HugeTLB registered 2 MB page size, pre-allocated 0 pages
[    0.551372] zbud: loaded
[    0.552038] VFS: Disk quotas dquot_6.6.0
[    0.552533] VFS: Dquot-cache hash table entries: 512 (order 0, 4096 bytes)
[    0.553421] squashfs: version 4.0 (2009/01/31) Phillip Lougher
[    0.554259] fuse init (API version 7.23)
[    0.554827] Key type big_key registered
[    0.555331] Allocating IMA MOK and blacklist keyrings.
[    0.556324] Key type asymmetric registered
[    0.556866] Asymmetric key parser 'x509' registered
[    0.557464] Block layer SCSI generic (bsg) driver version 0.4 loaded (major 249)
[    0.558448] io scheduler noop registered
[    0.558950] io scheduler deadline registered (default)
[    0.559571] io scheduler cfq registered
[    0.560125] pci_hotplug: PCI Hot Plug PCI Core version: 0.5
[    0.560765] pciehp: PCI Express Hot Plug Controller Driver version: 0.4
[    0.561573] ACPI: AC Adapter [AC] (off-line)
[    0.562134] input: Power Button as /devices/LNXSYSTM:00/LNXPWRBN:00/input/input0
[    0.563113] ACPI: Power Button [PWRF]
[    0.563636] input: Sleep Button as /devices/LNXSYSTM:00/LNXSLPBN:00/input/input1
[    0.564547] ACPI: Sleep Button [SLPF]
[    0.565487] ACPI: Battery Slot [BAT0] (battery present)
[    0.566134] GHES: HEST is not enabled!
[    0.566697] Serial: 8250/16550 driver, 32 ports, IRQ sharing enabled
[    0.587755] 00:02: ttyS0 at I/O 0x3f8 (irq = 4, base_baud = 115200) is a 16550A
[    0.590312] Linux agpgart interface v0.103
[    0.591833] loop: module loaded
[    0.592593] scsi host0: ata_piix
[    0.593078] scsi host1: ata_piix
[    0.593543] ata1: PATA max UDMA/33 cmd 0x1f0 ctl 0x3f6 bmdma 0xd000 irq 14
[    0.594302] ata2: PATA max UDMA/33 cmd 0x170 ctl 0x376 bmdma 0xd008 irq 15
[    0.595128] libphy: Fixed MDIO Bus: probed
[    0.595686] tun: Universal TUN/TAP device driver, 1.6
[    0.596278] tun: (C) 1999-2004 Max Krasnyansky <maxk@qualcomm.com>
[    0.597009] PPP generic driver version 2.4.2
[    0.597580] ehci_hcd: USB 2.0 'Enhanced' Host Controller (EHCI) Driver
[    0.598330] ehci-pci: EHCI PCI platform driver
[    0.598882] ehci-platform: EHCI generic platform driver
[    0.599489] ohci_hcd: USB 1.1 'Open' Host Controller (OHCI) Driver
[    0.600183] ohci-pci: OHCI PCI platform driver
[    0.600732] ohci-platform: OHCI generic platform driver
[    0.601340] uhci_hcd: USB Universal Host Controller Interface driver
[    0.602088] i8042: PNP: PS/2 Controller [PNP0303:PS2K,PNP0f03:PS2M] at 0x60,0x64 irq 1,12
[    0.603406] serio: i8042 KBD port at 0x60,0x64 irq 1
[    0.603990] serio: i8042 AUX port at 0x60,0x64 irq 12
[    0.604661] mousedev: PS/2 mouse device common for all mice
[    0.605494] input: AT Translated Set 2 keyboard as /devices/platform/i8042/serio0/input/input2
[    0.606922] rtc_cmos rtc_cmos: rtc core: registered rtc_cmos as rtc0
[    0.607671] rtc_cmos rtc_cmos: alarms up to one day, 114 bytes nvram
[    0.608372] i2c /dev entries driver
[    0.608852] device-mapper: uevent: version 1.0.3
[    0.609437] device-mapper: ioctl: 4.34.0-ioctl (2015-10-28) initialised: dm-devel@redhat.com
[    0.610467] ledtrig-cpu: registered to indicate activity on CPUs
[    0.611353] NET: Registered protocol family 10
[    0.611982] NET: Registered protocol family 17
[    0.612511] Key type dns_resolver registered
[    0.613224] registered taskstats version 1
[    0.613758] Loading compiled-in X.509 certificates
[    0.614720] Loaded X.509 cert 'Build time autogenerated kernel key: cf00e047681d67edb2720680708b7d9498083038'
[    0.615855] zswap: loaded using pool lzo/zbud
[    0.617450] Key type trusted registered
[    0.619732] Key type encrypted registered
[    0.620247] AppArmor: AppArmor sha1 policy hashing enabled
[    0.620865] ima: No TPM chip found, activating TPM-bypass!
[    0.621475] ima: Allocated hash algorithm: sha1
[    0.622033] evm: HMAC attrs: 0x1
[    0.622639]   Magic number: 2:421:67
[    0.623152] rtc_cmos rtc_cmos: setting system clock to 2022-04-29 07:05:28 UTC (1651215928)
[    0.624209] BIOS EDD facility v0.16 2004-Jun-25, 0 devices found
[    0.624884] EDD information not available.
[    0.776153] Freeing unused kernel memory: 1492K
[    0.776967] Write protecting the kernel read-only data: 14336k
[    0.777924] Freeing unused kernel memory: 1584K
[    0.778537] Freeing unused kernel memory: 52K
Loading, please wait...
starting version 229
[    0.786090] random: systemd-udevd: uninitialized urandom read (16 bytes read, 1 bits of entropy available)
[    0.787084] random: udevadm: uninitialized urandom read (16 bytes read, 1 bits of entropy available)
[    0.787106] random: udevadm: uninitialized urandom read (16 bytes read, 1 bits of entropy available)
[    0.791136] random: systemd-udevd: uninitialized urandom read (16 bytes read, 1 bits of entropy available)
[    0.792663] random: systemd-udevd: uninitialized urandom read (16 bytes read, 1 bits of entropy available)
[    0.794644] random: udevadm: uninitialized urandom read (16 bytes read, 1 bits of entropy available)
[    0.794689] random: udevadm: uninitialized urandom read (16 bytes read, 1 bits of entropy available)
[    0.794821] random: udevadm: uninitialized urandom read (16 bytes read, 1 bits of entropy available)
[    0.794871] random: udevadm: uninitialized urandom read (16 bytes read, 1 bits of entropy available)
[    0.794919] random: udevadm: uninitialized urandom read (16 bytes read, 1 bits of entropy available)
[    0.838532] e1000: Intel(R) PRO/1000 Network Driver - version 7.3.21-k8-NAPI
[    0.839760] e1000: Copyright (c) 1999-2006 Intel Corporation.
[    0.843624] Fusion MPT base driver 3.04.20
[    0.844404] Copyright (c) 1999-2008 LSI Corporation
[    0.855536] Fusion MPT SPI Host driver 3.04.20
[    0.857652] AVX2 version of gcm_enc/dec engaged.
[    0.858306] AES CTR mode by8 optimization enabled
[    1.043819] input: ImExPS/2 Generic Explorer Mouse as /devices/platform/i8042/serio1/input/input4
[    1.174643] e1000 0000:00:03.0 eth0: (PCI:33MHz:32-bit) 02:be:82:6b:cc:1d
[    1.175682] e1000 0000:00:03.0 eth0: Intel(R) PRO/1000 Network Connection
[    1.177020] mptbase: ioc0: Initiating bringup
[    1.926648] ioc0: LSI53C1030 A0: Capabilities={Initiator}
[    3.909461] scsi host2: ioc0: LSI53C1030 A0, FwRev=00000000h, Ports=1, MaxQ=256, IRQ=20
[    5.083692] scsi 2:0:0:0: Direct-Access     VBOX     HARDDISK         1.0  PQ: 0 ANSI: 5
[    5.088711] scsi target2:0:0: Beginning Domain Validation
[    5.091897] scsi target2:0:0: Domain Validation skipping write tests
[    5.092708] scsi target2:0:0: Ending Domain Validation
[    5.093439] scsi target2:0:0: asynchronous
[    5.094558] scsi 2:0:1:0: Direct-Access     VBOX     HARDDISK         1.0  PQ: 0 ANSI: 5
[    5.095652] scsi target2:0:1: Beginning Domain Validation
[    5.096950] scsi target2:0:1: Domain Validation skipping write tests
[    5.097758] scsi target2:0:1: Ending Domain Validation
[    5.098535] scsi target2:0:1: asynchronous
[    5.101163] sd 2:0:0:0: [sda] 83886080 512-byte logical blocks: (42.9 GB/40.0 GiB)
[    5.101332] sd 2:0:0:0: Attached scsi generic sg0 type 0
[    5.101733] sd 2:0:1:0: Attached scsi generic sg1 type 0
[    5.109350] sd 2:0:0:0: [sda] Write Protect is off
[    5.109356] sd 2:0:1:0: [sdb] 20480 512-byte logical blocks: (10.5 MB/10.0 MiB)
[    5.110922] sd 2:0:0:0: [sda] Incomplete mode parameter data
[    5.110926] sd 2:0:1:0: [sdb] Write Protect is off
[    5.112169] sd 2:0:0:0: [sda] Assuming drive cache: write through
[    5.112174] sd 2:0:1:0: [sdb] Incomplete mode parameter data
[    5.112175] sd 2:0:1:0: [sdb] Assuming drive cache: write through
[    5.117547]  sda: sda1
[    5.118190] sd 2:0:0:0: [sda] Attached SCSI disk
[    5.119013] sd 2:0:1:0: [sdb] Attached SCSI disk
[    5.421046] e1000 0000:00:08.0 eth1: (PCI:33MHz:32-bit) 08:00:27:1b:c9:78
[    5.422067] e1000 0000:00:08.0 eth1: Intel(R) PRO/1000 Network Connection
[    5.423656] e1000 0000:00:08.0 enp0s8: renamed from eth1
[    5.436438] e1000 0000:00:03.0 enp0s3: renamed from eth0
Begin: Loading essential drivers ... [    6.719322] md: linear personality registered for level -1
[    6.721670] md: multipath personality registered for level -4
[    6.723825] md: raid0 personality registered for level 0
[    6.726764] md: raid1 personality registered for level 1
[    6.813937] raid6: sse2x1   gen() 17067 MB/s
[    6.882056] raid6: sse2x1   xor() 12067 MB/s
[    6.961771] raid6: sse2x2   gen() 28528 MB/s
[    7.041745] raid6: sse2x2   xor() 19557 MB/s
[    7.115716] raid6: sse2x4   gen() 27792 MB/s
[    7.187812] raid6: sse2x4   xor() 16999 MB/s
[    7.254088] raid6: avx2x1   gen() 31914 MB/s
[    7.333527] raid6: avx2x2   gen() 49062 MB/s
[    7.409755] raid6: avx2x4   gen() 49735 MB/s
[    7.410341] raid6: using algorithm avx2x4 gen() 49735 MB/s
[    7.410967] raid6: using avx2x2 recovery algorithm
[    7.412224] xor: automatically using best checksumming function:
[    7.450033]    avx       : 27601.000 MB/sec
[    7.451580] async_tx: api initialized (async)
[    7.458412] md: raid6 personality registered for level 6
[    7.459074] md: raid5 personality registered for level 5
[    7.459710] md: raid4 personality registered for level 4
[    7.464327] md: raid10 personality registered for level 10
done.
Begin: Running /scripts/init-premount ... done.
Begin: Mounting root file system ... Begin: Running /scripts/local-top ... done.
Begin: Running /scripts/local-premount ... [    7.484887] Btrfs loaded
Scanning for Btrfs filesystems
done.
Warning: fsck not present, so skipping root file system
[    7.508012] EXT4-fs (sda1): mounted filesystem with ordered data mode. Opts: (null)
done.
Begin: Running /scripts/local-bottom ... done.
Begin: Running /scripts/init-bottom ... done.
[    7.555540] systemd[1]: systemd 229 running in system mode. (+PAM +AUDIT +SELINUX +IMA +APPARMOR +SMACK +SYSVINIT +UTMP +LIBCRYPTSETUP +GCRYPT +GNUTLS +ACL +XZ -LZ4 +SECCOMP +BLKID +ELFUTILS +KMOD -IDN)
[    7.557819] systemd[1]: Detected virtualization oracle.
[    7.558502] systemd[1]: Detected architecture x86-64.

Welcome to [1mUbuntu 16.04.7 LTS[0m!

[    7.560757] systemd[1]: Set hostname to <ubuntu>.
[    7.562942] systemd[1]: Initializing machine ID from random generator.
[    7.564157] systemd[1]: Installed transient /etc/machine-id file.
[    7.632463] systemd[1]: Listening on Journal Socket (/dev/log).
[[0;32m  OK  [0m] Listening on Journal Socket (/dev/log).
[    7.633977] systemd[1]: Created slice User and Session Slice.
[[0;32m  OK  [0m] Created slice User and Session Slice.
[    7.635121] systemd[1]: Listening on udev Control Socket.
[[0;32m  OK  [0m] Listening on udev Control Socket.
[    7.636253] systemd[1]: Listening on LVM2 metadata daemon socket.
[[0;32m  OK  [0m] Listening on LVM2 metadata daemon socket.
[    7.637352] systemd[1]: Listening on Device-mapper event daemon FIFOs.
[[0;32m  OK  [0m] Listening on Device-mapper event daemon FIFOs.
[    7.638638] systemd[1]: Set up automount Arbitrary Executable File Formats File System Automount Point.
[[0;32m  OK  [0m] Set up automount Arbitrary Executab...ats File System Automount Point.
[    7.640279] systemd[1]: Listening on LVM2 poll daemon socket.
[[0;32m  OK  [0m] Listening on LVM2 poll daemon socket.
[    7.641342] systemd[1]: Started Forward Password Requests to Wall Directory Watch.
[[0;32m  OK  [0m] Started Forward Password Requests to Wall Directory Watch.
[    7.642865] systemd[1]: Reached target Encrypted Volumes.
[[0;32m  OK  [0m] Reached target Encrypted Volumes.
[    7.643967] systemd[1]: Reached target User and Group Name Lookups.
[[0;32m  OK  [0m] Reached target User and Group Name Lookups.
[    7.645191] systemd[1]: Listening on udev Kernel Socket.
[[0;32m  OK  [0m] Listening on udev Kernel Socket.
[    7.646215] systemd[1]: Listening on Syslog Socket.
[[0;32m  OK  [0m] Listening on Syslog Socket.
[    7.647202] systemd[1]: Listening on Journal Audit Socket.
[[0;32m  OK  [0m] Listening on Journal Audit Socket.
[    7.648353] systemd[1]: Created slice System Slice.
[[0;32m  OK  [0m] Created slice System Slice.
[    7.649434] systemd[1]: Created slice system-serial\x2dgetty.slice.
[[0;32m  OK  [0m] Created slice system-serial\x2dgetty.slice.
[    7.650582] systemd[1]: Started Trigger resolvconf update for networkd DNS.
[[0;32m  OK  [0m] Started Trigger resolvconf update for networkd DNS.
[    7.651905] systemd[1]: Listening on fsck to fsckd communication Socket.
[[0;32m  OK  [0m] Listening on fsck to fsckd communication Socket.
[    7.653071] systemd[1]: Reached target Swap.
[[0;32m  OK  [0m] Reached target Swap.
[    7.653929] systemd[1]: Listening on Journal Socket.
[[0;32m  OK  [0m] Listening on Journal Socket.
[    7.670290] systemd[1]: Mounting Huge Pages File System...
         Mounting Huge Pages File System...
[    7.671785] systemd[1]: Starting File System Check on Root Device...
         Starting File System Check on Root Device...
[    7.673525] systemd[1]: Starting Journal Service...
         Starting Journal Service...
[    7.675019] systemd[1]: Starting Create list of required static device nodes for the current kernel...
         Starting Create list of required st... nodes for the current kernel...
[    7.677217] systemd[1]: Starting Set console keymap...
         Starting Set console keymap...
[    7.678863] systemd[1]: Mounting POSIX Message Queue File System...
         Mounting POSIX Message Queue File System...
[    7.682352] systemd[1]: Starting Load Kernel Modules...
         Starting Load Kernel Modules...
[    7.684343] systemd[1]: Starting Nameserver information manager...
         Starting Nameserver information manager...
[    7.686838] systemd[1]: Starting Monitoring of LVM2 mirrors, snapshots etc. using dmeventd or progress polling...
         Starting Monitoring of LVM2 mirrors... dmeventd or progress polling...
[    7.689043] systemd[1]: Starting Uncomplicated firewall...
         Starting Uncomplicated firewall...
[    7.694570] systemd[1]: Mounting Debug File System...
         Mounting Debug File System...
[    7.695612] systemd[1]: Listening on /dev/initctl Compatibility Named Pipe.
[[0;32m  OK  [0m] Listening on /dev/initctl Compatibility Named Pipe.
[    7.697290] systemd[1]: Reached target System Time Synchronized.
[[0;32m  OK  [0m] Reached target System Time Synchronized.
[    7.698566] systemd[1]: Reached target Slices.
[[0;32m  OK  [0m] Reached target Slices.
[    7.700815] systemd[1]: Mounted Huge Pages File System.
[[0;32m  OK  [0m] Mounted Huge Pages File System.
[    7.702144] systemd[1]: Mounted POSIX Message Queue File System.
[[0;32m  OK  [0m] Mounted POSIX Message Queue File System.
[    7.703372] systemd[1]: Mounted Debug File System.
[[0;32m  OK  [0m] Mounted Debug File System.
[    7.704358] Loading iSCSI transport class v2.0-870.
[    7.704823] systemd[1]: Started Journal Service.
[[0;32m  OK  [0m] Started Journal Service.
[[0;32m  OK  [0m] Started Create list of required sta...ce nodes for the current kernel.
[[0;32m  OK  [0m] Started Uncomplicated firewall.
[[0;32m  OK  [0m] Started Nameserver information manager.
[[0;32m  OK  [0m] Started LVM2 metadata daemon.
[[0;32m  OK  [0m] Started File System Check Daemon to report status.
         Starting Create Static Device Nodes in /dev...
[    7.719887] iscsi: registered transport (tcp)
[[0;32m  OK  [0m] Started File System Check on Root Device.
         Starting Remount Root and Kernel File Systems...
[    7.726255] EXT4-fs (sda1): re-mounted. Opts: (null)
[[0;32m  OK  [0m] Started Remount Root and Kernel File Systems.
         Starting udev Coldplug all Devices...
         Starting Flush Journal to Persistent Storage...
         Starting Load/Save Random Seed...
[[0;32m  OK  [0m] Started Create Static Device Nodes in /dev.
         Starting udev Kernel Device Manager...
[[0;32m  OK  [0m] Started Load/Save Random Seed.
[    7.740907] systemd-journald[375]: Received request to flush runtime journal from PID 1
[[0;32m  OK  [0m] Started Flush Journal to Persistent Storage.
[    7.753211] iscsi: registered transport (iser)
[[0;32m  OK  [0m] Started Load Kernel Modules.
[[0;32m  OK  [0m] Started udev Kernel Device Manager.
         Mounting FUSE Control File System...
         Starting Apply Kernel Variables...
[[0;32m  OK  [0m] Mounted FUSE Control File System.
[[0;32m  OK  [0m] Started Apply Kernel Variables.
[[0;32m  OK  [0m] Started Set console keymap.
[[0;32m  OK  [0m] Started udev Coldplug all Devices.
[[0;32m  OK  [0m] Started Dispatch Password Requests to Console Directory Watch.
[[0;32m  OK  [0m] Found device /dev/ttyS0.
[[0;32m  OK  [0m] Listening on Load/Save RF Kill Switch Status /dev/rfkill Watch.
[[0;32m  OK  [0m] Started Monitoring of LVM2 mirrors,...ng dmeventd or progress polling.
[[0;32m  OK  [0m] Reached target Local File Systems (Pre).
[[0;32m  OK  [0m] Reached target Local File Systems.
         Starting Initial cloud-init job (pre-networking)...
         Starting Create Volatile Files and Directories...
         Starting LSB: AppArmor initialization...
         Starting Set console font and keymap...
         Starting Commit a transient machine-id on disk...
         Starting Tell Plymouth To Write Out Runtime Data...
[[0;32m  OK  [0m] Started Create Volatile Files and Directories.
         Starting Update UTMP about System Boot/Shutdown...
[[0;32m  OK  [0m] Started Update UTMP about System Boot/Shutdown.
[[0;32m  OK  [0m] Started Tell Plymouth To Write Out Runtime Data.
[[0;32m  OK  [0m] Started Commit a transient machine-id on disk.
[[0;32m  OK  [0m] Started Set console font and keymap.
[[0;32m  OK  [0m] Created slice system-getty.slice.
[[0;32m  OK  [0m] Started LSB: AppArmor initialization.
         Starting Load AppArmor profiles managed internally by snapd...
[[0;32m  OK  [0m] Started Load AppArmor profiles managed internally by snapd.
[    8.562294] cloud-init[609]: Cloud-init v. 21.1-19-gbad84ad4-0ubuntu1~16.04.2 running 'init-local' at Fri, 29 Apr 2022 07:05:36 +0000. Up 8.32 seconds.
[[0;32m  OK  [0m] Started Initial cloud-init job (pre-networking).
[[0;32m  OK  [0m] Reached target Network (Pre).
         Starting Raise network interfaces...
[[0;32m  OK  [0m] Started Raise network interfaces.
[[0;32m  OK  [0m] Reached target Network.
         Starting Initial cloud-init job (metadata service crawler)...
[    9.139910] cloud-init[964]: Cloud-init v. 21.1-19-gbad84ad4-0ubuntu1~16.04.2 running 'init' at Fri, 29 Apr 2022 07:05:36 +0000. Up 8.86 seconds.
[    9.140995] cloud-init[964]: ci-info: ++++++++++++++++++++++++++++++++++++++Net device info+++++++++++++++++++++++++++++++++++++++
[    9.141983] cloud-init[964]: ci-info: +--------+-------+----------------------------+---------------+--------+-------------------+
[    9.142934] cloud-init[964]: ci-info: | Device |   Up  |          Address           |      Mask     | Scope  |     Hw-Address    |
[    9.143905] cloud-init[964]: ci-info: +--------+-------+----------------------------+---------------+--------+-------------------+
[    9.144923] cloud-init[964]: ci-info: | enp0s3 |  True |         10.0.2.15          | 255.255.255.0 | global | 02:be:82:6b:cc:1d |
[    9.145893] cloud-init[964]: ci-info: | enp0s3 |  True | fe80::be:82ff:fe6b:cc1d/64 |       .       |  link  | 02:be:82:6b:cc:1d |
[    9.148168] cloud-init[964]: ci-info: | enp0s8 | False |             .              |       .       |   .    | 08:00:27:1b:c9:78 |
[    9.152359] cloud-init[964]: ci-info: |   lo   |  True |         127.0.0.1          |   255.0.0.0   |  host  |         .         |
[    9.153310] cloud-init[964]: ci-info: |   lo   |  True |          ::1/128           |       .       |  host  |         .         |
[    9.154299] cloud-init[964]: ci-info: +--------+-------+----------------------------+---------------+--------+-------------------+
[    9.155274] cloud-init[964]: ci-info: +++++++++++++++++++++++++++Route IPv4 info++++++++++++++++++++++++++++
[    9.156153] cloud-init[964]: ci-info: +-------+-------------+----------+---------------+-----------+-------+
[    9.160268] cloud-init[964]: ci-info: | Route | Destination | Gateway  |    Genmask    | Interface | Flags |
[    9.161103] cloud-init[964]: ci-info: +-------+-------------+----------+---------------+-----------+-------+
[    9.161955] cloud-init[964]: ci-info: |   0   |   0.0.0.0   | 10.0.2.2 |    0.0.0.0    |   enp0s3  |   UG  |
[    9.162823] cloud-init[964]: ci-info: |   1   |   10.0.2.0  | 0.0.0.0  | 255.255.255.0 |   enp0s3  |   U   |
[    9.164198] cloud-init[964]: ci-info: +-------+-------------+----------+---------------+-----------+-------+
[    9.168250] cloud-init[964]: ci-info: +++++++++++++++++++Route IPv6 info+++++++++++++++++++
[    9.168984] cloud-init[964]: ci-info: +-------+-------------+---------+-----------+-------+
[    9.169772] cloud-init[964]: ci-info: | Route | Destination | Gateway | Interface | Flags |
[    9.170552] cloud-init[964]: ci-info: +-------+-------------+---------+-----------+-------+
[    9.172202] cloud-init[964]: ci-info: |   0   |  fe80::/64  |    ::   |   enp0s3  |   U   |
[    9.176236] cloud-init[964]: ci-info: |   3   |   ff00::/8  |    ::   |   enp0s3  |   U   |
[    9.176978] cloud-init[964]: ci-info: +-------+-------------+---------+-----------+-------+
[    9.177774] cloud-init[964]: Generating public/private rsa key pair.
[    9.178446] cloud-init[964]: Your identification has been saved in /etc/ssh/ssh_host_rsa_key.
[    9.179252] cloud-init[964]: Your public key has been saved in /etc/ssh/ssh_host_rsa_key.pub.
[    9.184264] cloud-init[964]: The key fingerprint is:
[    9.184812] cloud-init[964]: SHA256:/x/7DS0RvjXlyV63ZgB14gAZ8dF0HI/r06lrN/tpmFs root@ubuntu-xenial
[    9.185638] cloud-init[964]: The key's randomart image is:
[    9.186263] cloud-init[964]: +---[RSA 2048]----+
[    9.186823] cloud-init[964]: |         +=oo+.+.|
[    9.187377] cloud-init[964]: |         .. =.+o.|
[    9.188193] cloud-init[964]: |           o .o o|
[    9.190952] cloud-init[964]: |            ...+o|[[0;32m  OK  [0m] Started Initial cloud-init job (metadata service crawler).
[[0;32m  OK  [0m] Reached target System Initialization.
[[0;32m  OK  [0m] Started Daily Cleanup of Temporary Directories.

[    9.192586] cloud-init[964]: |        S    .++=|[[0;32m  OK  [0m] Started ACPI Events Check.
[[0;32m  OK  [0m] Reached target Paths.
[[0;32m  OK  [0m] Started Message of the Day.
         Starting Socket activation for snappy daemon.
[[0;32m  OK  [0m] Started Daily apt download activities.
[[0;32m  OK  [0m] Listening on ACPID Listen Socket.
[[0;32m  OK  [0m] Started Ubuntu Advantage update messaging.

[    9.195034]          Starting LXD - unix socket.
[[0;32m  OK  [0m] Listening on UUID daemon activation socket.
[[0;32m  OK  [0m] Listening on D-Bus System Message Bus Socket.
[[0;32m  OK  [0m] Started Daily apt upgrade and clean activities.
[[0;32m  OK  [0m] Reached target Timers.
[[0;32m  OK  [0m] Reached target Network is Online.
cloud-init[964]: |         .   .o**|
[    9.197262] cloud-init[964]: |          .   XEo|
[    9.197777] cloud-init[964]: |           . +=Xo|
[    9.198298] cloud-init[964]: |            o=B+B|
[    9.198816] cloud-init[964]: +----[SHA256]-----+
[    9.199332] cloud-init[964]: Generating public/private dsa key pair.
[    9.199942] cloud-init[964]: Your identification has been saved in /etc/ssh/ssh_host_dsa_key.
[    9.200722] cloud-init[964]: Your public key has been saved in /etc/ssh/ssh_host_dsa_key.pub.
[    9.201463] cloud-init[964]: The key fingerprint is:
[    9.202004] cloud-init[964]: SHA256:7NlZPuuo82nez7nVeYjHaiodj7gvqDao47kGLZCCH24 root@ubuntu-xenial
[    9.202778] cloud-init[964]: The key's randomart image is:
[    9.203338] cloud-init[964]: +---[DSA 1024]----+
[    9.203851] cloud-init[964]: |                 |
[    9.204396] cloud-init[964]: |                 |
[    9.204909] cloud-init[964]: |..               |
[    9.205424] cloud-init[964]: |= .    .         |
[    9.205936] cloud-init[964]: |o+ .    S   .    |
[    9.206454] cloud-init[964]: |o E    . o.+ o .o|
[    9.206962] cloud-init[964]: |.o .   .ooo++ +.+|
[    9.207486] cloud-init[964]: |..o o . = ++o* o.|
[    9.208014] cloud-init         Starting iSCSI initiator daemon (iscsid)...
[[0;32m  OK  [0m] Reached target Cloud-config availability.
[964]: [[0;32m  OK  [0m] Listening on Socket activation for snappy daemon.
[[0;32m  OK  [0m] Listening on LXD - unix socket.
[[0;32m  OK  [0m] Reached target Sockets.
[[0;32m  OK  [0m] Reached target Basic System.
|+*...o  o@B+=.=. |[[0;32m  OK  [0m] Started Deferred execution scheduler.

[    9.210598] cloud-init[964]: +----[SHA256]-----+[[0;32m  OK  [0m] Started ACPI event daemon.

[[0;32m  OK  [0m] Started D-Bus System Message Bus.
[    9.211799] cloud-init[964]: Generating public/private ecdsa key pair.
[    9.213354] cloud-init[964]: Your identification has been saved in /etc/ssh/ssh_host_ecdsa_key.
[    9.214416] cloud-init[964]: Your public key has been saved in /etc/ssh/ssh_host_ecdsa_key.pub.
[    9.215689] cloud-init[964]: The key fingerprint is:
[    9.217260] cloud-init[964]: SHA256:o1xyaxYCXLbpNxmcJeHEefEbrYs6R46ZNmkcYnjejCQ root@ubuntu-xenial
[    9.218929] cloud-init[964]: The key's randomart image is:
[    9.219910] cloud-init[964]: +---[ECDSA 256]---+
[    9.220597] cloud-init[964]: |      o.+oo.     |
[    9.221430] cloud-init[964]: |   . o *o+.. .   |
[    9.222410] cloud-init[964]: |    o o =.  o .  |
[    9.223224] cloud-init[964]: |     o   o   +   |
[    9.223980] cloud-init[964]: |     .+ S   o    |
[    9.224689] cloud-init[964]: |    E.=B.=.. .   |
[    9.225419] cloud-init[964]: |     *o*+O. .    |
[    9.226601] cloud-init[964]: |      oo&.o      |
[    9.227204]          Starting Pollinate to seed the pseudo random number generator...
cloud-init[964]: |       o.+       |
[    9.228117]          Starting LSB: MD monitoring daemon...
cloud-init[964]: +----[SHA256]-----+         Starting System Logging Service...

[    9.229063]          Starting Virtualbox guest utils...
cloud-init[964]: Generating public/private ed25519 key pair.         Starting LSB: Record successful boot for GRUB...

[    9.230181] cloud-init[964]:          Starting Snap Daemon...
Your identification has been saved in /etc/ssh/ssh_host_ed25519_key.         Starting /etc/rc.local Compatibility...

[    9.236772] [[0;32m  OK  [0m] Started Regular background program processing daemon.
cloud-init[964]: Your public key has been saved in /etc/ssh/ssh_host_ed25519_key.pub.
[    9.239418]          Starting Login Service...
cloud-init         Starting LXD - container startup/shutdown...
[[0;32m  OK  [0m] Started FUSE filesystem for LXC.
         Starting Accounts Service...
[[0;32m  OK  [0m] Started /etc/rc.local Compatibility.
[[0;32m  OK  [0m] Started iSCSI initiator daemon (iscsid).
         Starting Login to default iSCSI targets...
[[0;32m  OK  [0m] Started System Logging Service.
[[0;32m  OK  [0m] Started Login to default iSCSI targets.
[[0;32m  OK  [0m] Reached target Remote File Systems (Pre).
[[0;32m  OK  [0m] Reached target Remote File Systems.
         Starting Permit User Sessions...
         Starting LSB: automatic crash report generation...
         Starting LSB: daemon to balance interrupts for SMP systems...
         Starting LSB: Set the CPU Frequency Scaling governor to "ondemand"...
[[0;32m  OK  [0m] Started Permit User Sessions.
         Starting Terminate Plymouth Boot Screen...
         Starting Hold until boot process finishes up...
[[0;32m  OK  [0m] Started Hold until boot process finishes up.
[[0;32m  OK  [0m] Started Serial Getty on ttyS0.
         Starting Set console scheme...
[[0;32m  OK  [0m] Started Getty on tty1.
[[0;32m  OK  [0m] Reached target Login Prompts.
[[0;32m  OK  [0m] Started Set console scheme.
[[0;32m  OK  [0m] Started Login Service.
[[0;32m  OK  [0m] Started Unattended Upgrades Shutdown.
[[0;32m  OK  [0m] Started Terminate Plymouth Boot Screen.
[964]: The key fingerprint is:
[    9.294308] cloud-init[964]: SHA256:7CUe194XO/4XN9uOfJqmKKLFhonHeAHezt7EBK2Edh4 root@ubuntu-xenial
[    9.296883] [[0;32m  OK  [0m] Started LSB: Set the CPU Frequency Scaling governor to "ondemand".
cloud-init[964]: The key's randomart image is:
[[0;32m  OK  [0m] Started LSB: Record successful boot for GRUB.
[[0;32m  OK  [0m] Started LSB: automatic crash report generation.
[[0;32m  OK  [0m] Started LSB: daemon to balance interrupts for SMP systems.
[    9.308341] cloud-init[964]: +--[ED25519 256]--+
[    9.316081] cloud-init[964]: |                 |
[    9.316628] cloud-init[964]: |   . .           |
         Starting Authenticate and Authorize Users to Run Privileged Tasks...
[    9.333335] cloud-init[964]: |  + E .          |
[    9.344732] [[0;32m  OK  [0m] Started LSB: MD monitoring daemon.
[[0;32m  OK  [0m] Started Virtualbox guest utils.
[[0;32m  OK  [0m] Started Authenticate and Authorize Users to Run Privileged Tasks.
cloud-init[964]: | o * + .   .     |
[    9.346412] [[0;32m  OK  [0m] Started Accounts Service.
cloud-init[964]: |  . = . S o .  . |
[    9.347655] cloud-init[964]: |   * B o = . . o+|
[    9.356246] cloud-init[964]: |  o O * o   . .oB|
[    9.356852] cloud-init[964]: |   + =. .  . .o==|
[    9.357951] cloud-init[964]: |    o... .. .o===|
[    9.359158] cloud-init[964]: +----[SHA256]-----+
[[0;32m  OK  [0m] Started LXD - container startup/shutdown.
[[0;32m  OK  [0m] Started Snap Daemon.
         Starting Wait until snapd is fully seeded...
[[0;32m  OK  [0m] Started Wait until snapd is fully seeded.
         Starting Apply the settings specified in cloud-config...
[   10.686674] cloud-init[1299]: Generating locales (this might take a while)...
[   11.046525] cloud-init[1299]:   en_US.UTF-8... done
[   11.047221] cloud-init[1299]: Generation complete.
[   11.199121] cloud-init[1299]: Cloud-init v. 21.1-19-gbad84ad4-0ubuntu1~16.04.2 running 'modules:config' at Fri, 29 Apr 2022 07:05:38 +0000. Up 10.63 seconds.
[[0;32m  OK  [0m] Started Apply the settings specified in cloud-config.
[[0;32m  OK  [0m] Started Pollinate to seed the pseudo random number generator.
         Starting OpenBSD Secure Shell server...
[[0;32m  OK  [0m] Started OpenBSD Secure Shell server.
[[0;32m  OK  [0m] Reached target Multi-User System.
         Starting Execute cloud user/final scripts...
[[0;32m  OK  [0m] Reached target Graphical Interface.
         Starting Update UTMP about System Runlevel Changes...
[[0;32m  OK  [0m] Started Update UTMP about System Runlevel Changes.
[[0;32m  OK  [0m] Created slice User Slice of vagrant.
         Starting User Manager for UID 1000...
[[0;32m  OK  [0m] Started Session 1 of user vagrant.
[[0;32m  OK  [0m] Started User Manager for UID 1000.
ci-info: no authorized SSH keys fingerprints found for user ubuntu.
<14>Apr 29 07:05:40 ec2: 
<14>Apr 29 07:05:40 ec2: #############################################################
<14>Apr 29 07:05:40 ec2: -----BEGIN SSH HOST KEY FINGERPRINTS-----
<14>Apr 29 07:05:40 ec2: 1024 SHA256:7NlZPuuo82nez7nVeYjHaiodj7gvqDao47kGLZCCH24 root@ubuntu-xenial (DSA)
<14>Apr 29 07:05:40 ec2: 256 SHA256:o1xyaxYCXLbpNxmcJeHEefEbrYs6R46ZNmkcYnjejCQ root@ubuntu-xenial (ECDSA)
<14>Apr 29 07:05:40 ec2: 256 SHA256:7CUe194XO/4XN9uOfJqmKKLFhonHeAHezt7EBK2Edh4 root@ubuntu-xenial (ED25519)
<14>Apr 29 07:05:40 ec2: 2048 SHA256:/x/7DS0RvjXlyV63ZgB14gAZ8dF0HI/r06lrN/tpmFs root@ubuntu-xenial (RSA)
<14>Apr 29 07:05:40 ec2: -----END SSH HOST KEY FINGERPRINTS-----
<14>Apr 29 07:05:40 ec2: #############################################################
-----BEGIN SSH HOST KEY KEYS-----
ecdsa-sha2-nistp256 AAAAE2VjZHNhLXNoYTItbmlzdHAyNTYAAAAIbmlzdHAyNTYAAABBBOir+ivbtK0LmEOm3qrK7NY9biS11TBZ5EOZbxYYhxXiNyRTRLvRLFagWk9CDmpbg69aAeTn1urA8xhAbzK+j4o= root@ubuntu-xenial
ssh-ed25519 AAAAC3NzaC1lZDI1NTE5AAAAILvjgQyYu14zSXNOHD0up3uNC5Q38qoXNor5QiBFzw9O root@ubuntu-xenial
ssh-rsa AAAAB3NzaC1yc2EAAAADAQABAAABAQDbTkr9h+PLmCvf08OsIuBx9II1pFNoJX42HhTCmHfou15Ht0NKxZwaf5cWGEgsF5Hmcu1bO32yuNpsccGTLTCKL6pb2Fqx1HNtP1NfC9gA6+Ii/UwoAlsueihIqFOf0Lb5QlnDnSEC5mKe9Slo2V7iFRkvAd6n0aZnuLcRhkcG4yUoQxdyLGxPuP356wzeBuugCVHMuA5yNixatRtcOjwQb4RcMhHdMA3EP/6B8zTSygpFxYVMW90LouMCFBEYG+sZydO7Oc56FNYjpc9hOggLBmZxIcMcqRczlUjHqMKKB2EgatipRLWeSTLdO+eLhngVOA42sOC4ztC14n0Jt/HR root@ubuntu-xenial
-----END SSH HOST KEY KEYS-----
[   12.779298] cloud-init[1359]: Cloud-init v. 21.1-19-gbad84ad4-0ubuntu1~16.04.2 running 'modules:final' at Fri, 29 Apr 2022 07:05:40 +0000. Up 12.68 seconds.
[   12.780748] cloud-init[1359]: ci-info: no authorized SSH keys fingerprints found for user ubuntu.
[   12.781697] cloud-init[1359]: Cloud-init v. 21.1-19-gbad84ad4-0ubuntu1~16.04.2 finished at Fri, 29 Apr 2022 07:05:40 +0000. Datasource DataSourceNoCloud [seed=/dev/sdb][dsmode=net].  Up 12.77 seconds
[[0;32m  OK  [0m] Started Execute cloud user/final scripts.
[[0;32m  OK  [0m] Reached target Cloud-init target.

Ubuntu 16.04.7 LTS ubuntu-xenial ttyS0

ubuntu-xenial login: 